// Jest Snapshot v1, https://goo.gl/fbAQLP

exports[`Login form matches snapshot 1`] = `
Object {
  "asFragment": [Function],
  "baseElement": <body>
    <div>
      <h1
        class="u-mt-m"
      >
        Sign in
      </h1>
      <form
        action="#"
      >
        <div
          class="field"
        >
          <label
            class="label label--with-description"
            for="username"
          >
            Username
          </label>
          <span
            class="label__description  input--with-description"
            id="description-hint"
          >
            Your Blaise username
          </span>
          <input
            class="input input--text input-type__input "
            id="username"
            name="Username"
            type="username"
            value=""
          />
        </div>
        <div
          class="field"
        >
          <label
            class="label label--with-description"
            for="Password"
          >
            Password
          </label>
          <span
            class="label__description  input--with-description"
            id="description-hint"
          >
            Your Blaise password
          </span>
          <input
            class="input input--text input-type__input "
            id="Password"
            name="Password"
            type="password"
            value=""
          />
        </div>
        <br />
        <button
          class="btn "
          data-testid="submit-button"
          type="submit"
        >
          <span
            class="btn__inner"
          >
            Sign in
          </span>
        </button>
      </form>
    </div>
  </body>,
  "container": <div>
    <h1
      class="u-mt-m"
    >
      Sign in
    </h1>
    <form
      action="#"
    >
      <div
        class="field"
      >
        <label
          class="label label--with-description"
          for="username"
        >
          Username
        </label>
        <span
          class="label__description  input--with-description"
          id="description-hint"
        >
          Your Blaise username
        </span>
        <input
          class="input input--text input-type__input "
          id="username"
          name="Username"
          type="username"
          value=""
        />
      </div>
      <div
        class="field"
      >
        <label
          class="label label--with-description"
          for="Password"
        >
          Password
        </label>
        <span
          class="label__description  input--with-description"
          id="description-hint"
        >
          Your Blaise password
        </span>
        <input
          class="input input--text input-type__input "
          id="Password"
          name="Password"
          type="password"
          value=""
        />
      </div>
      <br />
      <button
        class="btn "
        data-testid="submit-button"
        type="submit"
      >
        <span
          class="btn__inner"
        >
          Sign in
        </span>
      </button>
    </form>
  </div>,
  "debug": [Function],
  "findAllByAltText": [Function],
  "findAllByDisplayValue": [Function],
  "findAllByLabelText": [Function],
  "findAllByPlaceholderText": [Function],
  "findAllByRole": [Function],
  "findAllByTestId": [Function],
  "findAllByText": [Function],
  "findAllByTitle": [Function],
  "findByAltText": [Function],
  "findByDisplayValue": [Function],
  "findByLabelText": [Function],
  "findByPlaceholderText": [Function],
  "findByRole": [Function],
  "findByTestId": [Function],
  "findByText": [Function],
  "findByTitle": [Function],
  "getAllByAltText": [Function],
  "getAllByDisplayValue": [Function],
  "getAllByLabelText": [Function],
  "getAllByPlaceholderText": [Function],
  "getAllByRole": [Function],
  "getAllByTestId": [Function],
  "getAllByText": [Function],
  "getAllByTitle": [Function],
  "getByAltText": [Function],
  "getByDisplayValue": [Function],
  "getByLabelText": [Function],
  "getByPlaceholderText": [Function],
  "getByRole": [Function],
  "getByTestId": [Function],
  "getByText": [Function],
  "getByTitle": [Function],
  "queryAllByAltText": [Function],
  "queryAllByDisplayValue": [Function],
  "queryAllByLabelText": [Function],
  "queryAllByPlaceholderText": [Function],
  "queryAllByRole": [Function],
  "queryAllByTestId": [Function],
  "queryAllByText": [Function],
  "queryAllByTitle": [Function],
  "queryByAltText": [Function],
  "queryByDisplayValue": [Function],
  "queryByLabelText": [Function],
  "queryByPlaceholderText": [Function],
  "queryByRole": [Function],
  "queryByTestId": [Function],
  "queryByText": [Function],
  "queryByTitle": [Function],
  "rerender": [Function],
  "unmount": [Function],
}
`;
