// Jest Snapshot v1, https://goo.gl/fbAQLP

exports[`form - survey, interviewer, start date, end date matches snapshot 1`] = `
Object {
  "asFragment": [Function],
  "baseElement": <body>
    <div>
      <form
        action="#"
      >
        <fieldset
          class="ons-fieldset"
        >
          <legend
            class="ons-fieldset__legend"
          >
            Select survey
          </legend>
          <div
            class="ons-radios__items"
            id="Survey TLA"
          >
            <p
              class="ons-radios__item"
            >
              <span
                class="ons-radio"
              >
                <input
                  checked=""
                  class="ons-radio__input js-radio"
                  id="all"
                  initial_value=""
                  name="Survey TLA"
                  type="radio"
                  value=""
                />
                <label
                  class="ons-radio__label "
                  for="all"
                  id="all-label"
                >
                  Show all surveys
                </label>
              </span>
            </p>
            <br />
            <p
              class="ons-radios__item"
            >
              <span
                class="ons-radio"
              >
                <input
                  class="ons-radio__input js-radio"
                  id="lms"
                  initial_value=""
                  name="Survey TLA"
                  type="radio"
                  value="lms"
                />
                <label
                  class="ons-radio__label ons-label--with-description"
                  for="lms"
                  id="lms-label"
                >
                  LMS
                  <span
                    class="ons-label__description ons-radio__label--with-description"
                    id="white-label-description-hint"
                  >
                    Labour Market Survey
                  </span>
                </label>
              </span>
            </p>
            <br />
            <p
              class="ons-radios__item"
            >
              <span
                class="ons-radio"
              >
                <input
                  class="ons-radio__input js-radio"
                  id="opn"
                  initial_value=""
                  name="Survey TLA"
                  type="radio"
                  value="opn"
                />
                <label
                  class="ons-radio__label ons-label--with-description"
                  for="opn"
                  id="opn-label"
                >
                  OPN
                  <span
                    class="ons-label__description ons-radio__label--with-description"
                    id="white-label-description-hint"
                  >
                    Opinions and Lifestyle Survey
                  </span>
                </label>
              </span>
            </p>
            <br />
          </div>
        </fieldset>
        <div
          class="ons-field"
        >
          <label
            class="ons-label "
            for="Interviewer ID"
          >
            Interviewer ID
          </label>
          <input
            id="Interviewer ID"
            initial_value=""
            name="Interviewer ID"
            type="text"
            value=""
          />
        </div>
        <div
          class="ons-field"
        >
          <label
            class="ons-label "
            for="Start date"
          >
            Start date
          </label>
          <input
            id="Start date"
            initial_value="1997-12-24"
            name="Start date"
            type="date"
            value="1997-12-24"
          />
        </div>
        <div
          class="ons-field"
        >
          <label
            class="ons-label "
            for="End date"
          >
            End date
          </label>
          <input
            id="End date"
            initial_value="1997-12-24"
            name="End date"
            type="date"
            value="1997-12-24"
          />
        </div>
        <br />
        <button
          class="ons-btn "
          data-testid="submit-button"
          type="submit"
        >
          <span
            class="ons-btn__inner"
          >
            Next
          </span>
        </button>
      </form>
    </div>
  </body>,
  "container": <div>
    <form
      action="#"
    >
      <fieldset
        class="ons-fieldset"
      >
        <legend
          class="ons-fieldset__legend"
        >
          Select survey
        </legend>
        <div
          class="ons-radios__items"
          id="Survey TLA"
        >
          <p
            class="ons-radios__item"
          >
            <span
              class="ons-radio"
            >
              <input
                checked=""
                class="ons-radio__input js-radio"
                id="all"
                initial_value=""
                name="Survey TLA"
                type="radio"
                value=""
              />
              <label
                class="ons-radio__label "
                for="all"
                id="all-label"
              >
                Show all surveys
              </label>
            </span>
          </p>
          <br />
          <p
            class="ons-radios__item"
          >
            <span
              class="ons-radio"
            >
              <input
                class="ons-radio__input js-radio"
                id="lms"
                initial_value=""
                name="Survey TLA"
                type="radio"
                value="lms"
              />
              <label
                class="ons-radio__label ons-label--with-description"
                for="lms"
                id="lms-label"
              >
                LMS
                <span
                  class="ons-label__description ons-radio__label--with-description"
                  id="white-label-description-hint"
                >
                  Labour Market Survey
                </span>
              </label>
            </span>
          </p>
          <br />
          <p
            class="ons-radios__item"
          >
            <span
              class="ons-radio"
            >
              <input
                class="ons-radio__input js-radio"
                id="opn"
                initial_value=""
                name="Survey TLA"
                type="radio"
                value="opn"
              />
              <label
                class="ons-radio__label ons-label--with-description"
                for="opn"
                id="opn-label"
              >
                OPN
                <span
                  class="ons-label__description ons-radio__label--with-description"
                  id="white-label-description-hint"
                >
                  Opinions and Lifestyle Survey
                </span>
              </label>
            </span>
          </p>
          <br />
        </div>
      </fieldset>
      <div
        class="ons-field"
      >
        <label
          class="ons-label "
          for="Interviewer ID"
        >
          Interviewer ID
        </label>
        <input
          id="Interviewer ID"
          initial_value=""
          name="Interviewer ID"
          type="text"
          value=""
        />
      </div>
      <div
        class="ons-field"
      >
        <label
          class="ons-label "
          for="Start date"
        >
          Start date
        </label>
        <input
          id="Start date"
          initial_value="1997-12-24"
          name="Start date"
          type="date"
          value="1997-12-24"
        />
      </div>
      <div
        class="ons-field"
      >
        <label
          class="ons-label "
          for="End date"
        >
          End date
        </label>
        <input
          id="End date"
          initial_value="1997-12-24"
          name="End date"
          type="date"
          value="1997-12-24"
        />
      </div>
      <br />
      <button
        class="ons-btn "
        data-testid="submit-button"
        type="submit"
      >
        <span
          class="ons-btn__inner"
        >
          Next
        </span>
      </button>
    </form>
  </div>,
  "debug": [Function],
  "findAllByAltText": [Function],
  "findAllByDisplayValue": [Function],
  "findAllByLabelText": [Function],
  "findAllByPlaceholderText": [Function],
  "findAllByRole": [Function],
  "findAllByTestId": [Function],
  "findAllByText": [Function],
  "findAllByTitle": [Function],
  "findByAltText": [Function],
  "findByDisplayValue": [Function],
  "findByLabelText": [Function],
  "findByPlaceholderText": [Function],
  "findByRole": [Function],
  "findByTestId": [Function],
  "findByText": [Function],
  "findByTitle": [Function],
  "getAllByAltText": [Function],
  "getAllByDisplayValue": [Function],
  "getAllByLabelText": [Function],
  "getAllByPlaceholderText": [Function],
  "getAllByRole": [Function],
  "getAllByTestId": [Function],
  "getAllByText": [Function],
  "getAllByTitle": [Function],
  "getByAltText": [Function],
  "getByDisplayValue": [Function],
  "getByLabelText": [Function],
  "getByPlaceholderText": [Function],
  "getByRole": [Function],
  "getByTestId": [Function],
  "getByText": [Function],
  "getByTitle": [Function],
  "queryAllByAltText": [Function],
  "queryAllByDisplayValue": [Function],
  "queryAllByLabelText": [Function],
  "queryAllByPlaceholderText": [Function],
  "queryAllByRole": [Function],
  "queryAllByTestId": [Function],
  "queryAllByText": [Function],
  "queryAllByTitle": [Function],
  "queryByAltText": [Function],
  "queryByDisplayValue": [Function],
  "queryByLabelText": [Function],
  "queryByPlaceholderText": [Function],
  "queryByRole": [Function],
  "queryByTestId": [Function],
  "queryByText": [Function],
  "queryByTitle": [Function],
  "rerender": [Function],
  "unmount": [Function],
}
`;
