// Jest Snapshot v1, https://goo.gl/fbAQLP

exports[`function InterviewerCallPattern() with request error should match the snapshot 1`] = `undefined`;
