// Jest Snapshot v1, https://goo.gl/fbAQLP

exports[`the interviewer details page renders correctly matches snapshot 1`] = `
Object {
  "asFragment": [Function],
  "baseElement": <body>
    <div>
      <div>
        <nav
          aria-label="Breadcrumb"
          class="ons-breadcrumb"
        >
          <ol
            class="ons-breadcrumb__items ons-u-fs-s"
          >
            <li
              class="ons-breadcrumb__item"
              id="breadcrumb-0"
            >
              <a
                class="ons-breadcrumb__link"
                href="/"
              >
                Reports
              </a>
              <svg
                class="ons-svg-icon"
                focusable="false"
                viewBox="0 0 8 13"
                xmlns="http://www.w3.org/2000/svg"
              >
                <path
                  d="M5.74,14.28l-.57-.56a.5.5,0,0,1,0-.71h0l5-5-5-5a.5.5,0,0,1,0-.71h0l.57-.56a.5.5,0,0,1,.71,0h0l5.93,5.93a.5.5,0,0,1,0,.7L6.45,14.28a.5.5,0,0,1-.71,0Z"
                  transform="translate(-5.02 -1.59)"
                />
              </svg>
            </li>
          </ol>
        </nav>
        <main
          class="ons-page__main ons-u-mt-s"
          id="main-content"
        >
          <h1
            class="ons-u-mb-m"
          >
            Run interviewer 
             report
          </h1>
          <p
            aria-live="polite"
            class="ons-u-fs-s u-mt-s"
          >
            Data in this report was last updated: 
            <b>
              Loading
            </b>
          </p>
          <p
            class="ons-u-fs-s"
          >
            Data in this report only goes back to the last 12 months.
          </p>
          <form
            action="#"
          >
            <fieldset
              class="ons-fieldset"
            >
              <legend
                class="ons-fieldset__legend"
              >
                Select survey
              </legend>
              <div
                class="ons-radios__items"
                id="Survey TLA"
              >
                <p
                  class="ons-radios__item"
                >
                  <span
                    class="ons-radio"
                  >
                    <input
                      class="ons-radio__input js-radio"
                      id="all"
                      initial_value="LMS"
                      name="Survey TLA"
                      type="radio"
                      value=""
                    />
                    <label
                      class="ons-radio__label "
                      for="all"
                      id="all-label"
                    >
                      Show all surveys
                    </label>
                  </span>
                </p>
                <br />
                <p
                  class="ons-radios__item"
                >
                  <span
                    class="ons-radio"
                  >
                    <input
                      class="ons-radio__input js-radio"
                      id="lms"
                      initial_value="LMS"
                      name="Survey TLA"
                      type="radio"
                      value="lms"
                    />
                    <label
                      class="ons-radio__label ons-label--with-description"
                      for="lms"
                      id="lms-label"
                    >
                      LMS
                      <span
                        class="ons-label__description ons-radio__label--with-description"
                        id="white-label-description-hint"
                      >
                        Labour Market Survey
                      </span>
                    </label>
                  </span>
                </p>
                <br />
                <p
                  class="ons-radios__item"
                >
                  <span
                    class="ons-radio"
                  >
                    <input
                      class="ons-radio__input js-radio"
                      id="opn"
                      initial_value="LMS"
                      name="Survey TLA"
                      type="radio"
                      value="opn"
                    />
                    <label
                      class="ons-radio__label ons-label--with-description"
                      for="opn"
                      id="opn-label"
                    >
                      OPN
                      <span
                        class="ons-label__description ons-radio__label--with-description"
                        id="white-label-description-hint"
                      >
                        Opinions and Lifestyle Survey
                      </span>
                    </label>
                  </span>
                </p>
                <br />
              </div>
            </fieldset>
            <div
              class="ons-field"
            >
              <label
                class="ons-label "
                for="Interviewer ID"
              >
                Interviewer ID
              </label>
              <input
                id="Interviewer ID"
                initial_value="James"
                name="Interviewer ID"
                type="text"
                value="James"
              />
            </div>
            <div
              class="ons-field"
            >
              <label
                class="ons-label "
                for="Start date"
              >
                Start date
              </label>
              <input
                id="Start date"
                initial_value="2021-01-01"
                name="Start date"
                type="date"
                value="2021-01-01"
              />
            </div>
            <div
              class="ons-field"
            >
              <label
                class="ons-label "
                for="End date"
              >
                End date
              </label>
              <input
                id="End date"
                initial_value="2021-01-05"
                name="End date"
                type="date"
                value="2021-01-05"
              />
            </div>
            <br />
            <button
              class="ons-btn "
              data-testid="submit-button"
              type="submit"
            >
              <span
                class="ons-btn__inner"
              >
                Next
              </span>
            </button>
          </form>
        </main>
      </div>
    </div>
  </body>,
  "container": <div>
    <div>
      <nav
        aria-label="Breadcrumb"
        class="ons-breadcrumb"
      >
        <ol
          class="ons-breadcrumb__items ons-u-fs-s"
        >
          <li
            class="ons-breadcrumb__item"
            id="breadcrumb-0"
          >
            <a
              class="ons-breadcrumb__link"
              href="/"
            >
              Reports
            </a>
            <svg
              class="ons-svg-icon"
              focusable="false"
              viewBox="0 0 8 13"
              xmlns="http://www.w3.org/2000/svg"
            >
              <path
                d="M5.74,14.28l-.57-.56a.5.5,0,0,1,0-.71h0l5-5-5-5a.5.5,0,0,1,0-.71h0l.57-.56a.5.5,0,0,1,.71,0h0l5.93,5.93a.5.5,0,0,1,0,.7L6.45,14.28a.5.5,0,0,1-.71,0Z"
                transform="translate(-5.02 -1.59)"
              />
            </svg>
          </li>
        </ol>
      </nav>
      <main
        class="ons-page__main ons-u-mt-s"
        id="main-content"
      >
        <h1
          class="ons-u-mb-m"
        >
          Run interviewer 
           report
        </h1>
        <p
          aria-live="polite"
          class="ons-u-fs-s u-mt-s"
        >
          Data in this report was last updated: 
          <b>
            Loading
          </b>
        </p>
        <p
          class="ons-u-fs-s"
        >
          Data in this report only goes back to the last 12 months.
        </p>
        <form
          action="#"
        >
          <fieldset
            class="ons-fieldset"
          >
            <legend
              class="ons-fieldset__legend"
            >
              Select survey
            </legend>
            <div
              class="ons-radios__items"
              id="Survey TLA"
            >
              <p
                class="ons-radios__item"
              >
                <span
                  class="ons-radio"
                >
                  <input
                    class="ons-radio__input js-radio"
                    id="all"
                    initial_value="LMS"
                    name="Survey TLA"
                    type="radio"
                    value=""
                  />
                  <label
                    class="ons-radio__label "
                    for="all"
                    id="all-label"
                  >
                    Show all surveys
                  </label>
                </span>
              </p>
              <br />
              <p
                class="ons-radios__item"
              >
                <span
                  class="ons-radio"
                >
                  <input
                    class="ons-radio__input js-radio"
                    id="lms"
                    initial_value="LMS"
                    name="Survey TLA"
                    type="radio"
                    value="lms"
                  />
                  <label
                    class="ons-radio__label ons-label--with-description"
                    for="lms"
                    id="lms-label"
                  >
                    LMS
                    <span
                      class="ons-label__description ons-radio__label--with-description"
                      id="white-label-description-hint"
                    >
                      Labour Market Survey
                    </span>
                  </label>
                </span>
              </p>
              <br />
              <p
                class="ons-radios__item"
              >
                <span
                  class="ons-radio"
                >
                  <input
                    class="ons-radio__input js-radio"
                    id="opn"
                    initial_value="LMS"
                    name="Survey TLA"
                    type="radio"
                    value="opn"
                  />
                  <label
                    class="ons-radio__label ons-label--with-description"
                    for="opn"
                    id="opn-label"
                  >
                    OPN
                    <span
                      class="ons-label__description ons-radio__label--with-description"
                      id="white-label-description-hint"
                    >
                      Opinions and Lifestyle Survey
                    </span>
                  </label>
                </span>
              </p>
              <br />
            </div>
          </fieldset>
          <div
            class="ons-field"
          >
            <label
              class="ons-label "
              for="Interviewer ID"
            >
              Interviewer ID
            </label>
            <input
              id="Interviewer ID"
              initial_value="James"
              name="Interviewer ID"
              type="text"
              value="James"
            />
          </div>
          <div
            class="ons-field"
          >
            <label
              class="ons-label "
              for="Start date"
            >
              Start date
            </label>
            <input
              id="Start date"
              initial_value="2021-01-01"
              name="Start date"
              type="date"
              value="2021-01-01"
            />
          </div>
          <div
            class="ons-field"
          >
            <label
              class="ons-label "
              for="End date"
            >
              End date
            </label>
            <input
              id="End date"
              initial_value="2021-01-05"
              name="End date"
              type="date"
              value="2021-01-05"
            />
          </div>
          <br />
          <button
            class="ons-btn "
            data-testid="submit-button"
            type="submit"
          >
            <span
              class="ons-btn__inner"
            >
              Next
            </span>
          </button>
        </form>
      </main>
    </div>
  </div>,
  "debug": [Function],
  "findAllByAltText": [Function],
  "findAllByDisplayValue": [Function],
  "findAllByLabelText": [Function],
  "findAllByPlaceholderText": [Function],
  "findAllByRole": [Function],
  "findAllByTestId": [Function],
  "findAllByText": [Function],
  "findAllByTitle": [Function],
  "findByAltText": [Function],
  "findByDisplayValue": [Function],
  "findByLabelText": [Function],
  "findByPlaceholderText": [Function],
  "findByRole": [Function],
  "findByTestId": [Function],
  "findByText": [Function],
  "findByTitle": [Function],
  "getAllByAltText": [Function],
  "getAllByDisplayValue": [Function],
  "getAllByLabelText": [Function],
  "getAllByPlaceholderText": [Function],
  "getAllByRole": [Function],
  "getAllByTestId": [Function],
  "getAllByText": [Function],
  "getAllByTitle": [Function],
  "getByAltText": [Function],
  "getByDisplayValue": [Function],
  "getByLabelText": [Function],
  "getByPlaceholderText": [Function],
  "getByRole": [Function],
  "getByTestId": [Function],
  "getByText": [Function],
  "getByTitle": [Function],
  "queryAllByAltText": [Function],
  "queryAllByDisplayValue": [Function],
  "queryAllByLabelText": [Function],
  "queryAllByPlaceholderText": [Function],
  "queryAllByRole": [Function],
  "queryAllByTestId": [Function],
  "queryAllByText": [Function],
  "queryAllByTitle": [Function],
  "queryByAltText": [Function],
  "queryByDisplayValue": [Function],
  "queryByLabelText": [Function],
  "queryByPlaceholderText": [Function],
  "queryByRole": [Function],
  "queryByTestId": [Function],
  "queryByText": [Function],
  "queryByTitle": [Function],
  "rerender": [Function],
  "unmount": [Function],
}
`;
